// Jest Snapshot v1, https://goo.gl/fbAQLP

exports[`renders correctly 1`] = `
<View
  style={
    Array [
      Object {
        "flex": 1,
        "height": 1334,
      },
      Object {
        "backgroundColor": "#FBFAFA",
        "marginBottom": 40,
      },
    ]
  }
  virtual={undefined}
>
  <View>
    <View
      style={
        Object {
          "backgroundColor": "#F8F8F8",
          "borderBottomColor": "#a7a6ab",
          "borderBottomWidth": 0.5,
          "elevation": 3,
          "flexDirection": "row",
          "height": 64,
          "justifyContent": "center",
          "left": 0,
          "paddingLeft": 10,
          "paddingRight": 10,
          "paddingTop": 15,
          "right": 0,
          "shadowColor": undefined,
          "shadowOffset": undefined,
          "shadowOpacity": undefined,
          "shadowRadius": undefined,
          "top": 0,
        }
      }
      virtual={undefined}
    >
      <View
        style={
          Object {
            "alignItems": "flex-start",
            "alignSelf": "center",
            "flex": 1,
          }
        }
        virtual={undefined}
      >
        <View
          accessibilityComponentType={undefined}
          accessibilityLabel={undefined}
          accessibilityTraits={undefined}
          accessible={true}
          collapsable={undefined}
          hasTVPreferredFocus={undefined}
          hitSlop={undefined}
          isTVSelectable={true}
          nativeID={undefined}
          onLayout={undefined}
          onResponderGrant={[Function]}
          onResponderMove={[Function]}
          onResponderRelease={[Function]}
          onResponderTerminate={[Function]}
          onResponderTerminationRequest={[Function]}
          onStartShouldSetResponder={[Function]}
          style={
            Object {
              "alignItems": "center",
              "alignSelf": null,
              "backgroundColor": "transparent",
              "borderBottomWidth": null,
              "borderColor": null,
              "borderLeftWidth": null,
              "borderRadius": 5,
              "borderRightWidth": null,
              "borderTopWidth": null,
              "elevation": 0,
              "flexDirection": "row",
              "height": 45,
              "justifyContent": "space-between",
              "marginLeft": -3,
              "opacity": 1,
              "paddingBottom": 6,
              "paddingLeft": 6,
              "paddingRight": 6,
              "paddingTop": 6,
              "shadowColor": null,
              "shadowOffset": null,
              "shadowOpacity": null,
              "shadowRadius": null,
            }
          }
          testID={undefined}
          tvParallaxProperties={undefined}
        >
          <Text
            accessible={true}
            allowFontScaling={true}
            ellipsizeMode="tail"
          />
        </View>
      </View>
      <View
        style={
          Array [
            Object {
              "alignItems": "center",
              "alignSelf": "center",
              "flex": 1,
            },
            Object {
              "flex": 3,
            },
          ]
        }
        virtual={undefined}
      >
        <Text
          accessible={true}
          allowFontScaling={true}
          ellipsizeMode="tail"
          numberOfLines={1}
          style={
            Object {
              "color": "#000",
              "fontFamily": "System",
              "fontSize": 17,
              "fontWeight": "600",
              "textAlign": "center",
            }
          }
          virtual={undefined}
        >
          Who We Are
        </Text>
      </View>
      <View
        style={
          Object {
            "alignItems": "flex-end",
            "alignSelf": "center",
            "flex": 1,
            "flexDirection": "row",
            "justifyContent": "flex-end",
          }
        }
        virtual={undefined}
      />
    </View>
  </View>
  <RCTScrollView
    automaticallyAdjustContentInsets={false}
    contentInset={
      Object {
        "bottom": 0,
      }
    }
    enableAutoAutomaticScroll={true}
    enableResetScrollToCoords={true}
    extraHeight={75}
    extraScrollHeight={0}
    keyboardDismissMode="interactive"
    keyboardOpeningTime={250}
    keyboardShouldPersistTaps="handled"
    onScroll={[Function]}
    padder={true}
    resetScrollToCoords={
      Object {
        "x": 0,
        "y": 0,
      }
    }
    scrollEventThrottle={0}
    showsVerticalScrollIndicator={true}
    style={
      Object {
        "backgroundColor": "transparent",
        "flex": 1,
        "paddingBottom": 10,
        "paddingLeft": 10,
        "paddingRight": 10,
        "paddingTop": 10,
      }
    }
    virtual={undefined}
  >
    <View>
      <Text
        accessible={true}
        allowFontScaling={true}
        ellipsizeMode="tail"
        style={
          Array [
            Object {
              "color": "#000",
              "fontFamily": "System",
              "fontSize": 16,
            },
            Object {
              "fontSize": 36,
              "marginTop": 30,
              "textAlign": "center",
            },
          ]
        }
        uppercase={false}
        virtual={undefined}
      >
        ABOUT US
      </Text>
      <Text
        accessible={true}
        allowFontScaling={true}
        ellipsizeMode="tail"
        style={
          Array [
            Object {
              "color": "#000",
              "fontFamily": "System",
              "fontSize": 16,
            },
            Object {
              "fontSize": 14,
              "marginBottom": 15,
              "marginLeft": 10,
              "marginRight": 10,
              "marginTop": 30,
              "textAlign": "left",
            },
          ]
        }
        uppercase={false}
        virtual={undefined}
      >
        Lorem ipsum dolor sit amet, consectetur adipiscing elit. Integer in lorem in tellus volutpat facilisis vel sed urna. Etiam aliquam vulputate sapien, vitae consequat ligula auctor et. Sed nec dui sagittis, pulvinar libero a, imperdiet erat. Ut eu nibh ut sapien viverra tincidunt. Suspendisse vulputate tellus bibendum justo convallis accumsan. Suspendisse porttitor augue eu dui ornare facilisis. Fusce pharetra, nulla in aliquam ultrices, libero urna sagittis urna, quis semper nulla leo vehicula sapien. Phasellus convallis bibendum odio, dapibus scelerisque mauris lacinia sed. Vestibulum pretium odio tempus felis lacinia, id sagittis purus efficitur. Vivamus egestas sed ligula nec imperdiet. In congue dapibus rutrum.
      </Text>
      <Text
        accessible={true}
        allowFontScaling={true}
        ellipsizeMode="tail"
        style={
          Array [
            Object {
              "color": "#000",
              "fontFamily": "System",
              "fontSize": 16,
            },
            Object {
              "fontSize": 24,
              "marginLeft": 10,
              "marginRight": 10,
              "marginTop": 15,
              "textAlign": "left",
            },
          ]
        }
        uppercase={false}
        virtual={undefined}
      >
        Why We care
      </Text>
      <Text
        accessible={true}
        allowFontScaling={true}
        ellipsizeMode="tail"
        style={
          Array [
            Object {
              "color": "#000",
              "fontFamily": "System",
              "fontSize": 16,
            },
            Object {
              "fontSize": 14,
              "marginBottom": 15,
              "marginLeft": 10,
              "marginRight": 10,
              "marginTop": 30,
              "textAlign": "left",
            },
          ]
        }
        uppercase={false}
        virtual={undefined}
      >
        Lorem ipsum dolor sit amet, consectetur adipiscing elit. Integer in lorem in tellus volutpat facilisis vel sed urna. Etiam aliquam vulputate sapien, vitae consequat ligula auctor et. Sed nec dui sagittis, pulvinar libero a, imperdiet erat. Ut eu nibh ut sapien viverra tincidunt. Suspendisse vulputate tellus bibendum justo convallis accumsan. Suspendisse porttitor augue eu dui ornare facilisis. Fusce pharetra, nulla in aliquam ultrices, libero urna sagittis urna, quis semper nulla leo vehicula sapien. Phasellus convallis bibendum odio, dapibus scelerisque mauris lacinia sed. Vestibulum pretium odio tempus felis lacinia, id sagittis purus efficitur. Vivamus egestas sed ligula nec imperdiet. In congue dapibus rutrum.
      </Text>
    </View>
  </RCTScrollView>
</View>
`;
